{
  "lanIp": "192.168.0.1",
  "lanMask": "255.255.255.0",
  "clients": [
    {
      "mac": "02:00:00:00:00:03",
      "ip": "192.168.0.181",
      "name": "Device-1",
      "online": true
    },
    {
      "mac": "02:00:00:00:00:02",
      "ip": "192.168.0.188",
      "name": "Device-2",
      "online": true
    },
    {
      "mac": "02:00:00:00:00:04",
      "ip": "192.168.0.151",
      "name": "Device-3",
      "online": true
    },
    {
      "mac": "02:00:00:00:00:05",
      "ip": "192.168.0.170",
      "name": "Device-4",
      "online": true
    },
    {
      "mac": "02:00:00:00:00:06",
      "ip": "192.168.0.169",
      "name": "Device-5",
      "online": true
    },
    {
      "mac": "02:00:00:00:00:07",
      "ip": "192.168.0.141",
      "name": "Device-6",
      "online": true
    }
  ],
  "bindings": [
    {
      "mac": "02:00:00:00:00:08",
      "ip": "192.168.0.31",
      "name": "Device-7",
      "online": true
    },
    {
      "mac": "02:00:00:00:00:09",
      "ip": "192.168.0.32",
      "name": "Device-8",
      "online": true
    },
    {
      "mac": "02:00:00:00:00:0a",
      "ip": "192.168.0.30",
      "name": "Device-9",
      "online": true
    }
  ]
}
