Device-11 @ 192.168.0.2 (02:00:00:00:00:02)

DEVICE NAME          IP ADDRESS        ↑KB/s   ↓KB/s TYPE
──────────────────── ─────────────── ─────── ─────── ────
Device-3             192.168.0.151         5     144 
Device-5             192.168.0.169         0       0 
Device-10            192.168.0.181         0       0 
Device-11            192.168.0.2           0       0 
Device-6             192.168.0.141         0       0 
Device-4             192.168.0.170         0      31 
Device-12            192.168.0.145         0       0 
Device-13            192.168.0.11          0       0 
Device-7             192.168.0.31          0       0 
Device-9             192.168.0.30          0       0 
Device-14            192.168.0.10          0       0 
Device-15            192.168.0.5           0       0 
Device-8             192.168.0.32          0       0 

