[
  {
    "index": 1,
    "time": "2000-01-01 00:00:00",
    "type": "system",
    "log": "System Start Success"
  },
  {
    "index": 2,
    "time": "2000-01-01 00:00:08",
    "type": "system",
    "log": "WAN1 Port phy status up."
  },
  {
    "index": 3,
    "time": "2000-01-01 00:00:11",
    "type": "system",
    "log": "2.4G Main WiFi UP"
  },
  {
    "index": 4,
    "time": "2000-01-01 00:00:15",
    "type": "wan",
    "log": "PPPoE Send PADI"
  },
  {
    "index": 5,
    "time": "2000-01-01 00:00:15",
    "type": "wan",
    "log": "PPPoE Wait PADO"
  },
  {
    "index": 6,
    "time": "2000-01-01 00:00:20",
    "type": "system",
    "log": "DHCP Server Start"
  },
  {
    "index": 7,
    "time": "2000-01-01 00:00:20",
    "type": "wan",
    "log": "PPPoE Wait for PADO timeout"
  },
  {
    "index": 8,
    "time": "2000-01-01 00:00:21",
    "type": "wan",
    "log": "PPPoE Send PADI"
  },
  {
    "index": 9,
    "time": "2000-01-01 00:00:21",
    "type": "wan",
    "log": "PPPoE Wait PADO"
  },
  {
    "index": 10,
    "time": "2000-01-01 00:00:24",
    "type": "system",
    "log": "LAN2 up"
  },
  {
    "index": 11,
    "time": "2000-01-01 00:00:24",
    "type": "system",
    "log": "LAN1 up"
  },
  {
    "index": 12,
    "time": "2000-01-01 00:00:31",
    "type": "wan",
    "log": "PPPoE Wait for PADO timeout"
  },
  {
    "index": 13,
    "time": "2000-01-01 00:00:32",
    "type": "wan",
    "log": "PPPoE Send PADI"
  },
  {
    "index": 14,
    "time": "2000-01-01 00:00:32",
    "type": "wan",
    "log": "PPPoE Wait PADO"
  },
  {
    "index": 15,
    "time": "2000-01-01 00:00:46",
    "type": "system",
    "log": "WAN1 Port phy status down."
  },
  {
    "index": 16,
    "time": "2000-01-01 00:00:50",
    "type": "system",
    "log": "WAN1 down"
  },
  {
    "index": 17,
    "time": "2000-01-01 00:00:53",
    "type": "system",
    "log": "WAN1 Port phy status up."
  },
  {
    "index": 18,
    "time": "2000-01-01 00:00:56",
    "type": "wan",
    "log": "PPPoE Send PADI"
  },
  {
    "index": 19,
    "time": "2000-01-01 00:00:56",
    "type": "wan",
    "log": "PPPoE Wait PADO"
  },
  {
    "index": 20,
    "time": "2000-01-01 00:00:56",
    "type": "wan",
    "log": "PPPoE Recv PADO"
  },
  {
    "index": 21,
    "time": "2000-01-01 00:00:56",
    "type": "wan",
    "log": "PPPoE Send PADR"
  },
  {
    "index": 22,
    "time": "2000-01-01 00:00:56",
    "type": "wan",
    "log": "PPPoE Wait for PADS"
  },
  {
    "index": 23,
    "time": "2000-01-01 00:00:56",
    "type": "wan",
    "log": "PPPoE Recv PADS"
  },
  {
    "index": 24,
    "time": "2000-01-01 00:00:59",
    "type": "wan",
    "log": "LCP down"
  },
  {
    "index": 25,
    "time": "2000-01-01 00:00:59",
    "type": "wan",
    "log": "Get ip success"
  }
]
